// Jest Snapshot v1, https://goo.gl/fbAQLP

exports[`renders correctly 1`] = `
<DocumentFragment>
  <div
    class="makeStyles-root-18"
  >
    <header
      class="MuiPaper-root MuiAppBar-root MuiAppBar-positionFixed MuiAppBar-colorPrimary makeStyles-appBar-20 mui-fixed MuiPaper-elevation4"
    >
      <div
        class="MuiToolbar-root MuiToolbar-regular MuiToolbar-gutters"
      >
        <button
          aria-label="open drawer"
          class="MuiButtonBase-root MuiIconButton-root makeStyles-menuButton-21 MuiIconButton-colorInherit MuiIconButton-edgeStart"
          tabindex="0"
          type="button"
        >
          <span
            class="MuiIconButton-label"
          >
            <svg
              aria-hidden="true"
              class="MuiSvgIcon-root"
              focusable="false"
              viewBox="0 0 24 24"
            >
              <path
                d="M3 18h18v-2H3v2zm0-5h18v-2H3v2zm0-7v2h18V6H3z"
              />
            </svg>
          </span>
          <span
            class="MuiTouchRipple-root"
          />
        </button>
        <h6
          class="MuiTypography-root MuiTypography-h6 MuiTypography-noWrap"
        >
          Your Portfolio
        </h6>
      </div>
    </header>
    <nav
      aria-label="mailbox folders"
      class="makeStyles-drawer-19"
    />
    <main
      class="makeStyles-content-24"
    >
      <div
        class="makeStyles-toolbar-22"
      />
      <div
        class="MuiPaper-root makeStyles-root-15 MuiPaper-elevation1 MuiPaper-rounded"
      >
        <h2
          class="MuiTypography-root MuiTypography-h5 MuiTypography-gutterBottom"
        >
          Add Shift
        </h2>
        <form
          novalidate=""
        >
          <div
            class="MuiGrid-root MuiGrid-container MuiGrid-spacing-xs-2"
          >
            <div
              class="MuiGrid-root MuiGrid-item MuiGrid-grid-xs-6 MuiGrid-grid-sm-8 MuiGrid-grid-md-3 MuiGrid-grid-lg-2"
            >
              <div
                class="MuiFormControl-root MuiTextField-root makeStyles-item-26"
              >
                <label
                  class="MuiFormLabel-root MuiInputLabel-root MuiInputLabel-formControl MuiInputLabel-animated MuiInputLabel-shrink MuiInputLabel-filled MuiFormLabel-filled Mui-required Mui-required"
                  data-shrink="true"
                  for="date"
                  id="date-label"
                >
                  Date
                  <span
                    aria-hidden="true"
                    class="MuiFormLabel-asterisk MuiInputLabel-asterisk"
                  >
                     *
                  </span>
                </label>
                <div
                  class="MuiInputBase-root MuiFilledInput-root MuiFilledInput-underline MuiInputBase-formControl"
                >
                  <input
                    aria-invalid="false"
                    class="MuiInputBase-input MuiFilledInput-input"
                    id="date"
                    required=""
                    type="date"
                    value="2021-02-26"
                  />
                </div>
              </div>
            </div>
            <div
              class="MuiGrid-root MuiGrid-item MuiGrid-grid-xs-6 MuiGrid-grid-sm-4 MuiGrid-grid-md-2"
            >
              <div
                class="MuiFormControl-root MuiTextField-root makeStyles-item-26"
              >
                <label
                  class="MuiFormLabel-root MuiInputLabel-root MuiInputLabel-formControl MuiInputLabel-animated MuiInputLabel-shrink MuiInputLabel-filled MuiFormLabel-filled Mui-required Mui-required"
                  data-shrink="true"
                  for="hours"
                  id="hours-label"
                >
                  Hours
                  <span
                    aria-hidden="true"
                    class="MuiFormLabel-asterisk MuiInputLabel-asterisk"
                  >
                     *
                  </span>
                </label>
                <div
                  class="MuiInputBase-root MuiFilledInput-root MuiFilledInput-underline MuiInputBase-formControl"
                >
                  <input
                    aria-invalid="false"
                    class="MuiInputBase-input MuiFilledInput-input"
                    id="hours"
                    required=""
                    type="number"
                    value="8"
                  />
                </div>
              </div>
            </div>
            <div
              class="MuiGrid-root MuiGrid-item MuiGrid-grid-xs-12 MuiGrid-grid-md-7 MuiGrid-grid-lg-8"
            >
              <div
                class="MuiFormControl-root MuiTextField-root makeStyles-item-26"
              >
                <label
                  class="MuiFormLabel-root MuiInputLabel-root MuiInputLabel-formControl MuiInputLabel-animated MuiInputLabel-filled Mui-required Mui-required"
                  data-shrink="false"
                  for="event"
                  id="event-label"
                >
                  Event
                  <span
                    aria-hidden="true"
                    class="MuiFormLabel-asterisk MuiInputLabel-asterisk"
                  >
                     *
                  </span>
                </label>
                <div
                  class="MuiInputBase-root MuiFilledInput-root MuiFilledInput-underline MuiInputBase-formControl"
                >
                  <input
                    aria-invalid="false"
                    class="MuiInputBase-input MuiFilledInput-input"
                    id="event"
                    required=""
                    type="text"
                    value=""
                  />
                </div>
              </div>
            </div>
            <div
              class="MuiGrid-root MuiGrid-item MuiGrid-grid-xs-12"
            >
              <div
                class="MuiFormControl-root MuiTextField-root makeStyles-item-26"
              >
                <label
                  class="MuiFormLabel-root MuiInputLabel-root MuiInputLabel-formControl MuiInputLabel-animated MuiInputLabel-filled"
                  data-shrink="false"
                  for="location"
                  id="location-label"
                >
                  Location
                </label>
                <div
                  class="MuiInputBase-root MuiFilledInput-root MuiFilledInput-underline MuiInputBase-formControl"
                >
                  <input
                    aria-invalid="false"
                    class="MuiInputBase-input MuiFilledInput-input"
                    id="location"
                    type="text"
                    value=""
                  />
                </div>
              </div>
            </div>
            <div
              class="MuiGrid-root MuiGrid-item MuiGrid-grid-xs-12 MuiGrid-grid-md-4 MuiGrid-grid-lg-2"
            >
              <div
                class="MuiFormControl-root makeStyles-item-26"
              >
                <label
                  class="MuiFormLabel-root MuiInputLabel-root MuiInputLabel-formControl MuiInputLabel-animated MuiInputLabel-shrink MuiInputLabel-filled MuiFormLabel-filled Mui-required Mui-required"
                  data-shrink="true"
                  for="role"
                  id="role-label"
                >
                  Role
                  <span
                    aria-hidden="true"
                    class="MuiFormLabel-asterisk MuiInputLabel-asterisk"
                  >
                     *
                  </span>
                </label>
                <div
                  class="MuiInputBase-root MuiFilledInput-root MuiFilledInput-underline MuiInputBase-formControl"
                >
                  <select
                    aria-invalid="false"
                    class="MuiSelect-root MuiSelect-select MuiSelect-filled MuiInputBase-input MuiFilledInput-input"
                    id="role"
                    required=""
                  >
                    <option
                      value="EAC"
                    >
                      EAC
                    </option>
                    <option
                      value="AFA"
                    >
                      AFA
                    </option>
                    <option
                      value="CRU"
                    >
                      CRU
                    </option>
                  </select>
                  <svg
                    aria-hidden="true"
                    class="MuiSvgIcon-root MuiSelect-icon MuiSelect-iconFilled"
                    focusable="false"
                    viewBox="0 0 24 24"
                  >
                    <path
                      d="M7 10l5 5 5-5z"
                    />
                  </svg>
                </div>
              </div>
            </div>
            <div
              class="MuiGrid-root MuiGrid-item MuiGrid-grid-xs-12 MuiGrid-grid-md-8 MuiGrid-grid-lg-10"
            >
              <div
                class="MuiFormControl-root MuiTextField-root makeStyles-item-26"
              >
                <label
                  class="MuiFormLabel-root MuiInputLabel-root MuiInputLabel-formControl MuiInputLabel-animated MuiInputLabel-filled"
                  data-shrink="false"
                  for="crew-mate"
                  id="crew-mate-label"
                >
                  Crew Mate
                </label>
                <div
                  class="MuiInputBase-root MuiFilledInput-root MuiFilledInput-underline MuiInputBase-formControl"
                >
                  <input
                    aria-invalid="false"
                    class="MuiInputBase-input MuiFilledInput-input"
                    id="crew-mate"
                    type="text"
                    value=""
                  />
                </div>
              </div>
            </div>
            <div
              class="MuiGrid-root MuiGrid-container MuiGrid-item MuiGrid-justify-xs-flex-end MuiGrid-grid-xs-12"
            >
              <div
                class="MuiGrid-root MuiGrid-item"
              >
                <button
                  class="MuiButtonBase-root MuiButton-root MuiButton-contained MuiButton-containedPrimary Mui-disabled Mui-disabled"
                  disabled=""
                  id="save-button"
                  tabindex="-1"
                  type="button"
                >
                  <span
                    class="MuiButton-label"
                  >
                    <span
                      class="MuiButton-startIcon MuiButton-iconSizeMedium"
                    >
                      <svg
                        aria-hidden="true"
                        class="MuiSvgIcon-root"
                        focusable="false"
                        viewBox="0 0 24 24"
                      >
                        <path
                          d="M17 3H5c-1.11 0-2 .9-2 2v14c0 1.1.89 2 2 2h14c1.1 0 2-.9 2-2V7l-4-4zm-5 16c-1.66 0-3-1.34-3-3s1.34-3 3-3 3 1.34 3 3-1.34 3-3 3zm3-10H5V5h10v4z"
                        />
                      </svg>
                    </span>
                    Save
                  </span>
                </button>
              </div>
            </div>
          </div>
        </form>
      </div>
    </main>
  </div>
</DocumentFragment>
`;
